{
  "schema_version": 1,
  "results": {
    "acceptance/v030/local-checks.json": [
      {
        "type": "Hex High Entropy String",
        "hashed_secret": "244f421f896bdcdd2784dccf4eaf7c8dfd5189b5"
      },
      {
        "type": "Hex High Entropy String",
        "hashed_secret": "f19e21fce85490ba37c10b931020e2e991c8abb8"
      },
      {
        "type": "Hex High Entropy String",
        "hashed_secret": "07509063b0142f5cf449b3706182946ca236d2cc"
      },
      {
        "type": "Hex High Entropy String",
        "hashed_secret": "4b4003aa092ed0befd549d19afbf7deb1be9f5b2"
      },
      {
        "type": "Hex High Entropy String",
        "hashed_secret": "2613ef9aa145b93f635f3ca491427a7ce1449225"
      },
      {
        "type": "Hex High Entropy String",
        "hashed_secret": "c12b2a5190681f4aad2ebd1f7ccab0a4f3cc1b41"
      },
      {
        "type": "Hex High Entropy String",
        "hashed_secret": "18dac019c675bf2861f1c006aa2c3d3846f25987"
      },
      {
        "type": "Hex High Entropy String",
        "hashed_secret": "a59afb251b41a35a8690a5ad74b5549acae6e62c"
      },
      {
        "type": "Hex High Entropy String",
        "hashed_secret": "95468d079f56dbdf04630ccfb9d33ce22c008666"
      },
      {
        "type": "Hex High Entropy String",
        "hashed_secret": "73591447461c02efe661d4c6a8cad09b6dca3223"
      },
      {
        "type": "Hex High Entropy String",
        "hashed_secret": "9c7214df83628267f697b833739b06aa2fdd16ac"
      },
      {
        "type": "Hex High Entropy String",
        "hashed_secret": "3d2e1615e0d98777220944a1c69e27496dbefcce"
      },
      {
        "type": "Hex High Entropy String",
        "hashed_secret": "02b23cdcafea7b83a72dcc6a55ddffebd819c1c5"
      },
      {
        "type": "Hex High Entropy String",
        "hashed_secret": "643e4b56583cce93146c4de3efa5ffd89ad316c1"
      },
      {
        "type": "Hex High Entropy String",
        "hashed_secret": "790b3f65873df0673c668616550f069542f9f2b5"
      },
      {
        "type": "Hex High Entropy String",
        "hashed_secret": "e48fa88f827d45d3fb15317cea9131c135af7403"
      },
      {
        "type": "Hex High Entropy String",
        "hashed_secret": "39eb45c6cce9e8df025f700c54ff6b4007c627d2"
      },
      {
        "type": "Hex High Entropy String",
        "hashed_secret": "5f1ffa34a36b7f94fa1d2296d47f897e27db8cd4"
      },
      {
        "type": "Hex High Entropy String",
        "hashed_secret": "096b453665f91b04d0b13d4b7d9e863bdac6251e"
      },
      {
        "type": "Hex High Entropy String",
        "hashed_secret": "14b3cc68bbbf084d9b60efc7766217305b9b756a"
      },
      {
        "type": "Hex High Entropy String",
        "hashed_secret": "547e400b9a369efaf839a64c95e5a73266225d35"
      },
      {
        "type": "Hex High Entropy String",
        "hashed_secret": "bd03255178927b11a32f5a108459225e8e146daa"
      },
      {
        "type": "Hex High Entropy String",
        "hashed_secret": "06e8bf4b1ed552df838d98a476e0c8321040a842"
      },
      {
        "type": "Hex High Entropy String",
        "hashed_secret": "70dd763ef79b4d8ba98893c29018c556971743ae"
      },
      {
        "type": "Hex High Entropy String",
        "hashed_secret": "0781ed915301abc1a05e32da806e8057fcc81a00"
      },
      {
        "type": "Hex High Entropy String",
        "hashed_secret": "726ef49c9e5ddf71d9f3998fb19fb26d8a5927cd"
      },
      {
        "type": "Hex High Entropy String",
        "hashed_secret": "3761f9b268a578df60ae47bc0ee01ea6451949ad"
      },
      {
        "type": "Hex High Entropy String",
        "hashed_secret": "fdcee8611f0d878381d5ad6c822f4d096e279025"
      },
      {
        "type": "Hex High Entropy String",
        "hashed_secret": "dbb50ad40f1d68cc348ff55ab94d28d7725e38d9"
      },
      {
        "type": "Hex High Entropy String",
        "hashed_secret": "5a94381ff39d27146ca2355939aee9456947ab7a"
      },
      {
        "type": "Hex High Entropy String",
        "hashed_secret": "281e3a40c1d42d49cac3b3af06dae3c2879b306e"
      },
      {
        "type": "Hex High Entropy String",
        "hashed_secret": "7a07dfa83c9c8aba5f9f8bc0f4b8489ddf475e2d"
      },
      {
        "type": "Hex High Entropy String",
        "hashed_secret": "1b1a73a15ab84229ddcd31a3884616f1079fef93"
      },
      {
        "type": "Hex High Entropy String",
        "hashed_secret": "20c2b33429e1523d358c5cc8923f43869ec4f72a"
      },
      {
        "type": "Hex High Entropy String",
        "hashed_secret": "7a0b487cc2ddfa0f40b1013493efbe9b8a3a7f74"
      },
      {
        "type": "Hex High Entropy String",
        "hashed_secret": "95beb93250f82caf3c681bdaa9cc648d69659009"
      },
      {
        "type": "Hex High Entropy String",
        "hashed_secret": "dbe41ffffa004dfe4399b5b586421a0fa3807059"
      },
      {
        "type": "Hex High Entropy String",
        "hashed_secret": "8afda7b8e9f34e9785e9d6ed3fd1908037058225"
      },
      {
        "type": "Hex High Entropy String",
        "hashed_secret": "c0e318cb1d0e29066a308fe4445428c197501e27"
      },
      {
        "type": "Hex High Entropy String",
        "hashed_secret": "76157e7d41a536c40de4c9e6e41f75198145a222"
      },
      {
        "type": "Hex High Entropy String",
        "hashed_secret": "da0f02f00715adefe2e5166998d5725b77fb79eb"
      }
    ],
    "acceptance/v030/probe-assessment.json": [
      {
        "type": "Hex High Entropy String",
        "hashed_secret": "09bdfe9ab054caf862c6deadc194b3bb70add574"
      },
      {
        "type": "Hex High Entropy String",
        "hashed_secret": "846a718d15c8518be9b401ba1fe23cba1386570d"
      },
      {
        "type": "Hex High Entropy String",
        "hashed_secret": "1c28083c4abcc9ebc3358e8699329c8fb9fe4b51"
      }
    ],
    "acceptance/workflows/executed-outcomes.json": [
      {
        "type": "Hex High Entropy String",
        "hashed_secret": "957748ab26717d7378edf85310733a9e9cc0b1ee"
      },
      {
        "type": "Hex High Entropy String",
        "hashed_secret": "61da5c6ec8a6d2f6fce5f9de289ccbe5f65ad941"
      },
      {
        "type": "Hex High Entropy String",
        "hashed_secret": "317320bd30c6363abd51c92620a5c44959e96c9e"
      },
      {
        "type": "Hex High Entropy String",
        "hashed_secret": "77ee5e4fc7ec400368b4d638d188a757137d4d82"
      },
      {
        "type": "Hex High Entropy String",
        "hashed_secret": "f2119eca87f2f72a3f4d2528482fea7589942e77"
      },
      {
        "type": "Hex High Entropy String",
        "hashed_secret": "e179eb1106e776c0568de7a10bc1c39198755853"
      },
      {
        "type": "Hex High Entropy String",
        "hashed_secret": "0a592caf55a1d48d38051add365eda471d65eb2c"
      },
      {
        "type": "Hex High Entropy String",
        "hashed_secret": "09ffed2e3dda2e2d7ba45dfb99f70ce92a20023b"
      },
      {
        "type": "Hex High Entropy String",
        "hashed_secret": "39637be9f0908633ce3679710e8200aaebea76f7"
      },
      {
        "type": "Hex High Entropy String",
        "hashed_secret": "9200ad7a27ae161c640ff33381b449598675d6f6"
      }
    ],
    "examples/operations/action-plan.json": [
      {
        "type": "Hex High Entropy String",
        "hashed_secret": "3f0212cf8c5066c910b9e1a50fd605c02680a5b7"
      },
      {
        "type": "Hex High Entropy String",
        "hashed_secret": "8a8edd469c79ff85319d96f8b713569b8f0a12e6"
      },
      {
        "type": "Hex High Entropy String",
        "hashed_secret": "602dfd7844e7aa7297618eb616b30e71feae9b96"
      }
    ],
    "references/reuse.json": [
      {
        "type": "Hex High Entropy String",
        "hashed_secret": "fc5ca1cc23f5c4933448f4a959b365ed94e1e54b"
      },
      {
        "type": "Hex High Entropy String",
        "hashed_secret": "7c028b69653fcd8005ab5bd2ac2de6856caba56c"
      },
      {
        "type": "Hex High Entropy String",
        "hashed_secret": "1c14a717567f98fc99be086a68c2e79d12dc9675"
      },
      {
        "type": "Hex High Entropy String",
        "hashed_secret": "eb4a251b56c73b3e92c3900c9e5a2d04acf25d5f"
      },
      {
        "type": "Hex High Entropy String",
        "hashed_secret": "6d847e423d6b0b74ebfc9324382caf984100e155"
      }
    ],
    "scripts/doctor.py": [
      {
        "type": "Secret Keyword",
        "hashed_secret": "9abd53bbc1ebac1c2a604f4059b1077b40d1b453"
      }
    ]
  }
}
